2025-04-04 05:40:40.558592 - Received CBT.V508.FILE184.PDS from FILE184.XMI 
2025-04-04 05:40:40.559731 - Found $$$#DATE.txt (text/plain) in CBT.V508.FILE184.PDS, moved to PDS/$$$#DATE
2025-04-04 05:40:40.559866 - Found $$README.txt (text/plain) in CBT.V508.FILE184.PDS, moved to PDS/$$README
2025-04-04 05:40:40.559997 - Found #BROWSE.txt (text/plain) in CBT.V508.FILE184.PDS, moved to PDS/#BROWSE
2025-04-04 05:40:40.560120 - Found #DPRTMAJ.txt (text/plain) in CBT.V508.FILE184.PDS, moved to PDS/#DPRTMAJ
2025-04-04 05:40:40.560244 - Found #DPRTMIN.txt (text/plain) in CBT.V508.FILE184.PDS, moved to PDS/#DPRTMIN
2025-04-04 05:40:40.560370 - Found #DUMPTYP.txt (text/plain) in CBT.V508.FILE184.PDS, moved to PDS/#DUMPTYP
2025-04-04 05:40:40.560494 - Found #IPCSBGN.txt (text/plain) in CBT.V508.FILE184.PDS, moved to PDS/#IPCSBGN
2025-04-04 05:40:40.560618 - Found #IPCSCUR.txt (text/plain) in CBT.V508.FILE184.PDS, moved to PDS/#IPCSCUR
2025-04-04 05:40:40.560730 - Found #IPCSDDR.txt (text/plain) in CBT.V508.FILE184.PDS, moved to PDS/#IPCSDDR
2025-04-04 05:40:40.560845 - Found #IPCSFUL.txt (text/plain) in CBT.V508.FILE184.PDS, moved to PDS/#IPCSFUL
2025-04-04 05:40:40.560959 - Found #IPCSSAD.txt (text/plain) in CBT.V508.FILE184.PDS, moved to PDS/#IPCSSAD
2025-04-04 05:40:40.561066 - Found #IPCSTRM.txt (text/plain) in CBT.V508.FILE184.PDS, moved to PDS/#IPCSTRM
2025-04-04 05:40:40.561189 - Found #UTILITY.txt (text/plain) in CBT.V508.FILE184.PDS, moved to PDS/#UTILITY
2025-04-04 05:40:40.561314 - Found @BROWSE.rexx (text/plain) in CBT.V508.FILE184.PDS, moved to PDS/@BROWSE
2025-04-04 05:40:40.561423 - Found @DPRTMAJ.rexx (text/plain) in CBT.V508.FILE184.PDS, moved to PDS/@DPRTMAJ
2025-04-04 05:40:40.561597 - Found @DPRTMIN.rexx (text/plain) in CBT.V508.FILE184.PDS, moved to PDS/@DPRTMIN
2025-04-04 05:40:40.561740 - Found @DUMPTYP.rexx (text/plain) in CBT.V508.FILE184.PDS, moved to PDS/@DUMPTYP
2025-04-04 05:40:40.561877 - Found @EDIT.rexx (text/plain) in CBT.V508.FILE184.PDS, moved to PDS/@EDIT
2025-04-04 05:40:40.562012 - Found @FILE184.txt (text/plain) in CBT.V508.FILE184.PDS, moved to PDS/@FILE184
2025-04-04 05:40:40.562208 - Found @IPCSBGN.rexx (text/plain) in CBT.V508.FILE184.PDS, moved to PDS/@IPCSBGN
2025-04-04 05:40:40.562419 - Found @IPCSCUR.rexx (text/plain) in CBT.V508.FILE184.PDS, moved to PDS/@IPCSCUR
2025-04-04 05:40:40.562588 - Found @IPCSDDR.txt (text/plain) in CBT.V508.FILE184.PDS, moved to PDS/@IPCSDDR
2025-04-04 05:40:40.562744 - Found @IPCSFUL.rexx (text/plain) in CBT.V508.FILE184.PDS, moved to PDS/@IPCSFUL
2025-04-04 05:40:40.562945 - Found @IPCSSAD.rexx (text/plain) in CBT.V508.FILE184.PDS, moved to PDS/@IPCSSAD
2025-04-04 05:40:40.563092 - Found @IPCSTRM.rexx (text/plain) in CBT.V508.FILE184.PDS, moved to PDS/@IPCSTRM
2025-04-04 05:40:40.563234 - Found @UTILITY.rexx (text/plain) in CBT.V508.FILE184.PDS, moved to PDS/@UTILITY
2025-04-04 05:40:40.563369 - Found IPCS1ART.txt (text/plain) in CBT.V508.FILE184.PDS, moved to PDS/IPCS1ART
2025-04-04 05:40:40.563561 - Found IPCS2ART.txt (text/plain) in CBT.V508.FILE184.PDS, moved to PDS/IPCS2ART
2025-04-04 05:40:40.563711 - Found IPCS3ART.txt (text/plain) in CBT.V508.FILE184.PDS, moved to PDS/IPCS3ART
2025-04-04 05:40:40.563839 - Found IPCS4ART.txt (text/plain) in CBT.V508.FILE184.PDS, moved to PDS/IPCS4ART
